CREATE EXTENSION btree_gin;
-- Check whether any of our opclasses fail amvalidate
SELECT amname, opcname
FROM kmd_opclass opc LEFT JOIN kmd_am am ON am.oid = opcmethod
WHERE opc.oid >= 16384 AND NOT amvalidate(opc.oid);
 amname | opcname 
--------+---------
(0 rows)

